
> question-paper-generator-frontend@0.1.0 dev
> next dev --port 3000

   ▲ Next.js 15.0.3
   - Local:        http://localhost:3000
   - Environments: .env.local
   - Experiments (use with caution):
     · typedRoutes

 ✓ Starting...
 ✓ Ready in 29.6s
 ○ Compiling / ...
 ✓ Compiled / in 39.2s (721 modules)
 ✓ Compiled in 3.9s (350 modules)
 ✓ Compiled in 327ms (336 modules)
 GET / 200 in 218ms
 GET / 200 in 94ms
 ○ Compiling /create ...
 ✓ Compiled /create in 1532ms (783 modules)
 GET /create 200 in 1794ms
 ○ Compiling /review ...
 ✓ Compiled /review in 1203ms (807 modules)
 GET /review?paper_id=b93b96cc-871a-4a3b-9c8b-bead399cff98 200 in 1468ms
 ○ Compiling /dashboard ...
 ✓ Compiled /dashboard in 1153ms (816 modules)
 GET /dashboard 200 in 1351ms
 GET /review 200 in 29ms
 GET /dashboard 200 in 58ms
 ○ Compiling /settings ...
 ✓ Compiled /settings in 696ms (818 modules)
 GET /settings 200 in 838ms
 GET /settings 200 in 69ms
 GET /dashboard 200 in 28ms
 GET /create 200 in 77ms
 GET /review?paper_id=774d0583-ec87-45c8-8b5e-0b0ec80c17bd 200 in 46ms
 GET /dashboard 200 in 65ms
 GET /dashboard 200 in 158ms
 ○ Compiling /login ...
 ✓ Compiled /login in 834ms (825 modules)
 GET /login 200 in 1088ms
 GET /dashboard 200 in 28ms
 GET /login 200 in 34ms
 GET / 200 in 42ms
 GET /create 200 in 61ms
 GET /create 200 in 153ms
 GET / 200 in 34ms
 GET /dashboard 200 in 20ms
 GET /settings 200 in 62ms
Terminate batch job (Y/N)? [?25h

