
> question-paper-generator-frontend@0.1.0 dev
> next dev

   ▲ Next.js 15.0.3
   - Local:        http://localhost:3000
   - Environments: .env.local
   - Experiments (use with caution):
     · typedRoutes

 ✓ Starting...
 ✓ Ready in 7.7s
 ○ Compiling /login ...
 ✓ Compiled /login in 10.6s (741 modules)
 GET /login 200 in 2246ms
 ✓ Compiled in 1746ms (365 modules)
 ○ Compiling / ...
 ✓ Compiled / in 1145ms (753 modules)
 GET / 200 in 1660ms
 GET / 200 in 89ms
 GET / 200 in 98ms
 GET / 200 in 81ms
 GET /login 200 in 70ms
 GET /login 200 in 33ms
 ○ Compiling /forgot-password ...
 ✓ Compiled /forgot-password in 590ms (766 modules)
 GET /forgot-password 200 in 783ms
 ○ Compiling /verify-otp ...
 ✓ Compiled /verify-otp in 763ms (743 modules)
 GET /verify-otp 200 in 1085ms
 GET /forgot-password 200 in 33ms
 ○ Compiling /reset-password ...
 ✓ Compiled /reset-password in 709ms (755 modules)
 GET /reset-password 200 in 957ms
 GET /forgot-password 200 in 22ms
 ○ Compiling /login ...
 ✓ Compiled /login in 607ms (384 modules)
 GET /login 200 in 931ms
 GET /login 200 in 80ms
 GET /forgot-password 200 in 68ms
 ✓ Compiled /verify-otp in 450ms (391 modules)
 GET /verify-otp 200 in 690ms
 ✓ Compiled /reset-password in 324ms (397 modules)
 GET /reset-password 200 in 523ms
 GET /login 200 in 117ms
 GET /forgot-password 200 in 38ms
 GET /verify-otp 200 in 51ms
 GET /verify-otp 200 in 57ms
 GET /forgot-password 200 in 27ms
 GET /reset-password 200 in 62ms
 GET /forgot-password 200 in 23ms
 ○ Compiling / ...
 ✓ Compiled / in 799ms (407 modules)
 GET / 200 in 1111ms
 GET / 200 in 78ms
 GET / 200 in 83ms
 GET / 200 in 95ms
 ✓ Compiled /login in 365ms (414 modules)
 GET /login 200 in 635ms
 GET /login 200 in 44ms
 GET /forgot-password 200 in 39ms
 ✓ Compiled /verify-otp in 315ms (421 modules)
 GET /verify-otp 200 in 457ms
 GET /reset-password 200 in 37ms
 GET /login 200 in 89ms
 GET /forgot-password 200 in 42ms
 GET /verify-otp 200 in 46ms
 GET /verify-otp 200 in 41ms
 GET /forgot-password 200 in 45ms
 GET /reset-password 200 in 39ms
 GET /forgot-password 200 in 22ms
 GET /login 200 in 1055ms
 GET /login 200 in 170ms
 GET /login 200 in 142ms
 GET /login 200 in 61ms
 GET /login? 200 in 60ms
 GET /login 200 in 92ms
 GET /login? 200 in 43ms
 GET /login 200 in 36ms
 GET /login 200 in 27ms
 GET /login? 200 in 31ms
 GET /login 200 in 32ms
 GET /login? 200 in 36ms
 GET /login 200 in 35ms
 GET /login 200 in 35ms
 GET /login 200 in 20ms
 ○ Compiling /admin ...
 ✓ Compiled /admin in 1731ms (834 modules)
 GET /admin 200 in 1955ms
 ✓ Compiled in 427ms (410 modules)
 GET /admin 200 in 158ms
 GET /admin 200 in 30ms
 GET /login 200 in 135ms
 GET /login 200 in 26ms
 GET /login 200 in 26ms
 GET /admin 200 in 18ms
 GET /login 200 in 20ms
 GET /admin 200 in 15ms
 GET /login 200 in 25ms
 GET /admin 200 in 18ms
 GET /login 200 in 31ms
 GET /login 200 in 28ms
 GET /login 200 in 138ms
 GET /login 200 in 64ms
 GET /login 200 in 71ms
 GET /admin 200 in 40ms
 GET /login 200 in 43ms
 GET /admin 200 in 42ms
 GET /login 200 in 43ms
 GET /admin 200 in 27ms
 GET /login 200 in 76ms
 GET /login 200 in 43ms
 GET /login 200 in 28ms
 GET /admin 200 in 23ms
 GET /login 200 in 29ms
 GET /admin 200 in 17ms
 GET /login 200 in 29ms
 GET /admin 200 in 16ms
 GET /login 200 in 46ms
 GET /login 200 in 26ms
 GET /login 200 in 31ms
 GET /admin 200 in 18ms
 GET /login 200 in 29ms
 GET /admin 200 in 18ms
 GET /login 200 in 29ms
 GET /admin 200 in 17ms
 GET /login 200 in 58ms
 GET /login 200 in 45ms
 GET /login 200 in 79ms
 GET /admin 200 in 36ms
 GET /login 200 in 67ms
 GET /admin 200 in 30ms
 GET /login 200 in 49ms
 GET /admin 200 in 30ms
 GET /login 200 in 51ms
 GET /login 200 in 69ms
 GET /login 200 in 55ms
 GET /admin 200 in 30ms
 GET /login 200 in 133ms
 GET /admin 200 in 78ms
 GET /login 200 in 122ms
 GET /admin 200 in 29ms
 GET /login 200 in 233ms
 GET /login 200 in 60ms
 GET /login 200 in 52ms
 GET /admin 200 in 25ms
 GET /login 200 in 37ms
 GET /admin 200 in 26ms
 GET /login 200 in 53ms
 GET /admin 200 in 19ms
 GET /login 200 in 66ms
 GET /login 200 in 71ms
 GET /login 200 in 92ms
 GET /admin 200 in 31ms
 GET /login 200 in 68ms
 GET /admin 200 in 55ms
 GET /login 200 in 109ms
 GET /admin 200 in 123ms
 GET /login 200 in 73ms
 GET /login 200 in 55ms
 GET /login 200 in 90ms
 GET /admin 200 in 48ms
 GET /login 200 in 79ms
 GET /admin 200 in 34ms
 GET /login 200 in 50ms
 GET /admin 200 in 116ms
 GET /login 200 in 55ms
 GET /forgot-password 200 in 374ms
 ○ Compiling /verify-otp ...
 ✓ Compiled /verify-otp in 1572ms (431 modules)
 GET /verify-otp 200 in 2059ms
 GET /reset-password 200 in 277ms
 GET /login 200 in 848ms
 GET /login 200 in 111ms
 GET /login 200 in 139ms
 GET /admin 200 in 273ms
 GET /login 200 in 85ms
 GET /admin 200 in 105ms
 GET /login 200 in 222ms
 GET /admin 200 in 142ms
 GET /login 200 in 229ms
 GET /forgot-password 200 in 146ms
 GET /verify-otp 200 in 46ms
 GET /reset-password 200 in 40ms
 GET /login 200 in 20ms
 ○ Compiling /dashboard ...
 ✓ Compiled /dashboard in 8.5s (858 modules)
 GET /dashboard 200 in 8733ms
 GET /dashboard 200 in 32ms
 GET /login 200 in 85ms
 GET /forgot-password 200 in 55ms
 GET /verify-otp 200 in 32ms
 GET /forgot-password 200 in 107ms
 GET /verify-otp 200 in 24ms
 GET /login 200 in 54ms
 GET /forgot-password 200 in 115ms
 GET /login 200 in 99ms
 GET /forgot-password 200 in 73ms
 GET /login 200 in 87ms
 GET /forgot-password 200 in 113ms
 GET /login 200 in 126ms
 GET /admin 200 in 78ms
 GET /login 200 in 38ms
 GET /login 200 in 28ms
 GET /admin 200 in 20ms
 GET /forgot-password 200 in 43ms
