SEED | faculty test account reseeded to known initial password (never printed)
=== SECTION A — PRE-TEST CHECK ===
FAIL | A1_FRONTEND_200 | status=n/a
PASS | A2_BACKEND_HEALTH | status=200
PASS | A3_LOGIN_PAGE_LOADS
PASS | A4_NO_CONSOLE_ERRORS_ON_LOAD
PASS | A5_ENV_MODE | TEST outbox mounted=true → OTP tests use TEST outbox; REAL Resend (Section I) NOT exercised
=== SECTION C — LOGIN / REGISTRATION ===
PASS | C1_LOGIN_FORM
PASS | C1_FORGOT_LINK
PASS | C1_REGISTER_MODE
PASS | C2_REQUEST_ADMIN_OPTION
PASS | C2_HELPER_TEXT
PASS | C2_NOT_PRECHECKED
RESP_DBG | POST /api/auth/register status=201 acao=http://localhost:3000
PASS | C3_REGISTER_PENDING_MSG | ui=Your account has been created and your Admin access request is waiting for administrator approval.
C3_DBG | url=http://localhost:3000/login ui=[Your account has been created and your Admin access request is waiting for administrator approval.] navs=1 apiReqs=[{"m":"POST","u":"http://localhost:8000/api/auth/register"}] body=ExamCraft AI Create validated exam papers faster. Syllabus-aware question generation Structured parts, marks, and Bloom levels Review, regenerate, and lock every question Faculty accounts require admi errors=[]
PASS | C3_NO_IMMEDIATE_ADMIN_CLAIM
RESP_DBG | POST /api/auth/register status=201 acao=http://localhost:3000
PASS | C3_REGISTER_APPLICANT2 | ui=Your account has been created and your Admin access request is waiting for administrator approval.
RESP_DBG | POST /api/auth/login status=403 acao=http://localhost:3000
PASS | C3_PENDING_CANT_LOGIN | ui=Your account is awaiting administrator approval.
=== SECTION D — ADMIN REQUEST FLOW ===
RESP_DBG | POST /api/auth/login status=200 acao=http://localhost:3000
PASS | D1_ADMIN_LOGIN_REDIRECT | http://localhost:3000/admin
PASS | D1_PEOPLE_ACCESS_HEADING
PASS | D1_USERS_TABLE
PASS | D1_MAIN_ADMIN_BADGE_FROM_BACKEND
PASS | D1_PROTECTED_MARKER
PASS | D2_REQUEST_VISIBLE
PASS | D2_REQUESTER_NAME
PASS | D2_REQUESTER_EMAIL
PASS | D2_ROLE_SAYS_ADMIN
PASS | D2_STATUS_PENDING
PASS | D2_REQUEST_DATE
PASS | D3_APPROVE_SUCCESS_FEEDBACK | ui=Admin access approved.
PASS | D3_NO_CONFIRM_DIALOG_BY_DESIGN | dialogs=0
PASS | D3_REVIEWED_SHOWS_APPROVED
PASS | D3_USER_NOW_ADMIN | QA Applicant One qa.admin.applicant1.1788631783031@test.com Admin Active 05 Sept
RESP_DBG | POST /api/auth/login status=200 acao=http://localhost:3000
PASS | D4_APPROVED_ADMIN_LOGIN | http://localhost:3000/admin
PASS | D4_ROLE_REFLECTED
PASS | D4_PEOPLE_ACCESS_OPEN
=== SECTION E/F — SECONDARY ADMIN LIMITS ===
PASS | E2_UI_MAIN_ADMIN_PROTECTED
PASS | E2_UI_NO_REMOVE_ON_MAIN_ADMIN
PASS | E2_UI_NO_REMOVE_ON_SELF
PASS | E4_UI_NO_DISABLE_ON_MAIN_ADMIN
PASS | E2_API_REMOVE_MAIN_ADMIN_FORBIDDEN | status=403
PASS | E4_API_DISABLE_MAIN_ADMIN_FORBIDDEN | status=403
PASS | E2_API_SECONDARY_REMOVE_SELF_FORBIDDEN | status=403
PASS | F_DIRECT_PROMOTION_BLOCKED | status=400 detail={"detail":"Admin access can only be granted by approving an admin access request — direct promotion is not all
PASS | F_SELF_ROLE_MODIFICATION_BLOCKED | status=403
PASS | F_MAIN_ADMIN_ROLE_CHANGE_BLOCKED | status=403
PASS | D6_FACULTY_APPROVE_FORBIDDEN | status=403
=== SECTION E1/E3/D5 — MAIN ADMIN POWERS ===
RESP_DBG | POST /api/auth/login status=200 acao=http://localhost:3000
PASS | E1_REMOVE_CONTROL_FOR_MAIN_ADMIN
PASS | E1_NO_SELF_REMOVE_CONTROL
PASS | E1_REMOVE_SUCCESS_FEEDBACK | ui=Admin access removed.
PASS | E1_CONFIRM_DIALOG_SHOWN | dialogs=1
PASS | E1_SECONDARY_NOW_FACULTY | QA Applicant One qa.admin.applicant1.1788631783031@test.com faculty Active 05 Sept 2026 Di
PASS | E1_USER_STILL_LISTED
PASS | E3_MAIN_ADMIN_SELF_REMOVE_REJECTED | status=400
PASS | D5_REQUEST_VISIBLE
PASS | D5_REJECT_SUCCESS_FEEDBACK | ui=Admin access rejected.
PASS | D5_REVIEWED_SHOWS_REJECTED
PASS | D5_APPLICANT2_NOT_ADMIN | roles=faculty
=== SECTION H — FORGOT PASSWORD ===
PASS | H1_LINK_EXISTS
PASS | H1_NAVIGATES
PASS | H1_HEADING
PASS | H1_EMAIL_INPUT
PASS | H1_SEND_BUTTON
PASS | H1_BACK_TO_LOGIN
PASS | H2_VALIDATION_ERROR
PASS | H2_NO_REQUEST_SENT
=== SECTION J — OTP (TEST outbox) ===
PASS | H3_LOADING_PREVENTS_DUPES
PASS | H3_NAVIGATES_TO_OTP | http://localhost:3000/verify-otp
PASS | H3_EMAIL_NOT_IN_URL
PASS | H3_OTP_DELIVERED_TEST_OUTBOX | otpCaptured=true len=6
PASS | H3_MASKED_EMAIL_SHOWN | A verification code was sent to e2•••••••••••••••@test.com. 
PASS | M_OTP_NOT_AUTO_SHOWN
PASS | J_SIX_DIGIT_INPUTS
PASS | P_OTP_ARIA_LABELS
PASS | J_PASTE_SUPPORTED | digit0=filled
PASS | J1_WRONG_OTP_ERROR
PASS | J1_NO_NAVIGATION
PASS | J3_COOLDOWN_PRESENT | resend disabled while cooldown active
PASS | J3_COOLDOWN_EXPIRES | resend enabled after cooldown window
PASS | J3_RESEND_SUCCESS_FEEDBACK
PASS | J3_NEW_OTP_ISSUED | len=6
PASS | J3_OLD_OTP_INVALIDATED
PASS | J3_VALID_OTP_NAVIGATES | http://localhost:3000/reset-password
PASS | M_RESET_TOKEN_NOT_IN_URL
=== SECTION K — RESET PASSWORD ===
PASS | K_FIELDS_PRESENT
PASS | P_SHOW_HIDE_ARIA_LABEL
PASS | K_SHOW_HIDE_TOGGLES | password→text
PASS | K1_SHORT_PASSWORD_REJECTED
PASS | K1_NO_API_CALL
PASS | K2_MISMATCH_REJECTED | Passwords do not match.
PASS | K2_NO_API_CALL
PASS | K3_RESET_SUCCESS
PASS | K3_BACK_TO_LOGIN
PASS | M_RESET_API_CALLED_ONCE | calls=1
=== SECTION L — NEW/OLD PASSWORD ===
RESP_DBG | POST /api/auth/login status=200 acao=http://localhost:3000
PASS | L_NEW_PASSWORD_LOGIN | http://localhost:3000/dashboard
PASS | L_ROLE_UNCHANGED_FACULTY
PASS | L_OLD_PASSWORD_REJECTED
=== SECTION N — ENUMERATION ===
PASS | N_BOTH_NAVIGATE_GENERIC
PASS | N_GENERIC_MESSAGE_IDENTICAL | responses=4 uniform=true
PASS | N_NO_EXISTENCE_REVEAL
PASS | N_UI_NO_EXISTENCE_TEXT
=== SECTION O — RESPONSIVE ===
PASS | O_NO_OVERFLOW_mobile_login | delta=0px
PASS | O_NO_OVERFLOW_mobile_forgot | delta=0px
PASS | O_NO_OVERFLOW_tablet_login | delta=0px
PASS | O_NO_OVERFLOW_tablet_forgot | delta=0px
PASS | O_NO_OVERFLOW_desktop_login | delta=0px
PASS | O_NO_OVERFLOW_desktop_forgot | delta=0px
RESP_DBG | POST /api/auth/login status=200 acao=http://localhost:3000
PASS | O_NO_OVERFLOW_ADMIN_mobile | delta=0px
PASS | O_NO_OVERFLOW_ADMIN_tablet | delta=0px
PASS | O_NO_OVERFLOW_ADMIN_desktop | delta=0px
PASS | O_ADMIN_REQUESTS_ACCESSIBLE_MOBILE | sections=2
=== SECTION P — ACCESSIBILITY ===
PASS | P_KEYBOARD_FOCUS_MOVES | INPUT:name@department.edu → INPUT:Your password
PASS | P_LABELS_ASSOCIATED | email=1 password=2
PASS | P_H1_PRESENT
RESP_DBG | POST /api/auth/login status=200 acao=http://localhost:3000
PASS | P_TABLIST_ROLES
=== SECTION J2 — EXPIRED OTP (5 min wait) ===
PASS | J2_OTP_ISSUED_FOR_EXPIRY_TEST | len=6
J2 | waiting 315s for OTP expiry (OTP_EXPIRE_MINUTES=5)…
node:internal/modules/run_main:123
    triggerUncaughtException(
    ^

locator.click: Timeout 30000ms exceeded.
Call log:
[2m  - waiting for getByTestId('verify-otp-button')[22m

    at C:\Users\akhil\OneDrive\Desktop\Exam_craft_ai\frontend\_manual_qa.mjs:611:47 {
  log: [ "  - waiting for getByTestId('verify-otp-button')" ],
  name: 'TimeoutError'
}

Node.js v22.17.0
QA_DONE_MARKER  
